deploy 0x1c49f4c00c8e52d3c20b939d228ffae92f4f4489f51abe533638580830a9be11
deploy PENDING
deploy COMMITTING
deploy ACCEPTED
deploy FINALIZED
add_clue[0] 0x6fd04aac9d17c2b53e9968e2fae6e9db8baba219940694c1bcffd3a94bc60202
add_clue[0] PENDING
add_clue[0] PROPOSING
add_clue[0] COMMITTING
add_clue[0] ACCEPTED
add_clue[0] FINALIZED
add_clue[1] 0xddea29024043d0c9add19d7f73cff1cdff52fc46e5267e3fd02cfd03ebc428be
add_clue[1] PENDING
add_clue[1] PROPOSING
add_clue[1] ACCEPTED
add_clue[1] FINALIZED
add_clue[2] 0x3eecfa06f2b075555f72b41380ddca7af7d18a34179d57f50fc4afc3772b0b3d
add_clue[2] PENDING
add_clue[2] PROPOSING
add_clue[2] COMMITTING
add_clue[2] ACCEPTED
add_clue[2] FINALIZED
add_clue[3] 0x90741a96e7672b8c1326ae1dd79adb955266601a240eb0332078aa7df4cdc05d
add_clue[3] PENDING
add_clue[3] PROPOSING
add_clue[3] COMMITTING
add_clue[3] ACCEPTED
add_clue[3] FINALIZED
add_clue[4] 0x2b2373dcdff9b4dcd7786d32151f97fed498f5a15fc60a801927c510e0a9b234
add_clue[4] PENDING
add_clue[4] COMMITTING
add_clue[4] ACCEPTED
add_clue[4] FINALIZED
add_clue[5] 0x0ae5668606199b958da0b957d6dca1ee13299b2f4c1288143ffd1e1a1cd16be5
add_clue[5] PENDING
add_clue[5] PROPOSING
add_clue[5] ACCEPTED
add_clue[5] FINALIZED
add_clue[6] 0x0af40384016fce27a552574f7c26d83ff676a3ea24f68f4fcb7fb5df0cf108be
add_clue[6] PENDING
add_clue[6] PROPOSING
add_clue[6] COMMITTING
add_clue[6] ACCEPTED
add_clue[6] FINALIZED
add_clue[7] 0x6eefa82dc0d86db3bdb931983d42b97d1df16a859cd567009a0bf647417fd568
add_clue[7] PENDING
add_clue[7] COMMITTING
add_clue[7] ACCEPTED
add_clue[7] FINALIZED
add_clue[8] 0x3d9b9121f9e93ac28091a656994caa026944c1d5e474fc25d31278becabd4a39
add_clue[8] PENDING
add_clue[8] COMMITTING
add_clue[8] ACCEPTED
add_clue[8] FINALIZED
add_clue[9] 0x85e8c19efdea3e609f0816b3f66e36653238cf9d161895ddb985f9c7bbad6162
add_clue[9] PENDING
add_clue[9] COMMITTING
add_clue[9] ACCEPTED
add_clue[9] FINALIZED
add_clue[10] 0x5f6d69ccd2fbf766b52437b1aac4ede50576251b4f7be1e363e37ea92ba76404
add_clue[10] PENDING
add_clue[10] PROPOSING
add_clue[10] ACCEPTED
add_clue[10] FINALIZED
add_clue[11] 0xd372635fb0047da60d9295fd11b45923f8bc2c41143f598bdadf586e52811e1a
add_clue[11] PENDING
add_clue[11] PROPOSING
add_clue[11] COMMITTING
add_clue[11] ACCEPTED
add_clue[11] FINALIZED
pin_clue[0] 0x0e1bf08e00bceb1baca3be8c9072a2867b1f94ef0345689a4aeff65803da29f9
pin_clue[0] PENDING
pin_clue[0] PROPOSING
pin_clue[0] COMMITTING
pin_clue[0] ACCEPTED
pin_clue[0] FINALIZED
pin_clue[1] 0x596a66640759a56637dd305176f78d2b75f5b758e71ec21a89b368b1ee12f1e2
pin_clue[1] PENDING
pin_clue[1] PROPOSING
pin_clue[1] COMMITTING
pin_clue[1] ACCEPTED
pin_clue[1] FINALIZED
pin_clue[2] 0xae438db8b0dc15085d0892b8cd4deb3389facf8c7282119612646180018a37b9
pin_clue[2] PENDING
pin_clue[2] COMMITTING
pin_clue[2] ACCEPTED
pin_clue[2] FINALIZED
pin_clue[3] 0x8ae84e31b7ce345568824fa0ab60ff38a51474f1760b32bbd5541682b6c34e31
pin_clue[3] PENDING
pin_clue[3] PROPOSING
pin_clue[3] COMMITTING
pin_clue[3] ACCEPTED
pin_clue[3] FINALIZED
pin_clue[4] 0x6b29bdc726e431aadb25a081fabeba1ce3b8508cbdf6958022857fcfed2da6be
pin_clue[4] PENDING
pin_clue[4] PROPOSING
pin_clue[4] COMMITTING
pin_clue[4] ACCEPTED
pin_clue[4] FINALIZED
pin_clue[5] 0x24eed302fb3143d5bd0e0330e47a9df0e8b60905f08a1b1320ddb7ed1afc25af
pin_clue[5] PENDING
pin_clue[5] COMMITTING
pin_clue[5] ACCEPTED
pin_clue[5] FINALIZED
pin_clue[6] 0x0794b325af6cd8f0fed809c7d99b6d9e677e5f70e154ddc847bae0cf0978173c
pin_clue[6] PENDING
pin_clue[6] PROPOSING
pin_clue[6] COMMITTING
pin_clue[6] ACCEPTED
pin_clue[6] FINALIZED
pin_clue[7] 0x19646de8fa75aad090e51340a0d135c7b4db79a8c35c934009d5444d1a8d56fc
pin_clue[7] PENDING
pin_clue[7] PROPOSING
pin_clue[7] COMMITTING
pin_clue[7] ACCEPTED
pin_clue[7] FINALIZED
pin_clue[8] 0x3474c6a8e065bb8ac157f733c5cdcf2b209c41356d00d33e9d1572d157881279
pin_clue[8] PENDING
pin_clue[8] PROPOSING
pin_clue[8] COMMITTING
pin_clue[8] ACCEPTED
pin_clue[8] FINALIZED
pin_clue[9] 0x935bcf9dcce2f5089914afa0d40ba2f6f27a253f4bb27846119e2a36294b36ab
pin_clue[9] PENDING
pin_clue[9] PROPOSING
pin_clue[9] COMMITTING
pin_clue[9] ACCEPTED
pin_clue[9] FINALIZED
pin_clue[10] 0x0ffd16860c03c9e7a7668ef4bd55500d00a75695044e7eb258b5464fc4208a9a
pin_clue[10] PENDING
pin_clue[10] PROPOSING
pin_clue[10] COMMITTING
pin_clue[10] ACCEPTED
pin_clue[10] FINALIZED
pin_clue[11] 0xc0f4a24db642b5d97ff0c7e9bf39a2e6d6eb973b097281794400cda0c7688e3e
pin_clue[11] PENDING
pin_clue[11] PROPOSING
pin_clue[11] COMMITTING
pin_clue[11] ACCEPTED
pin_clue[11] FINALIZED
open_race 0x4c744ae892932f5a495ba6ff5560c3b0f7fef112c9ae5752676800cc7c47221a
open_race PENDING
open_race COMMITTING
open_race ACCEPTED
open_race FINALIZED
Authored 0xc5B25B9643A37D1c0798Ed3Bc1d869BEBAe994d3 {
  chain_version: 1,
  clue_count: 12,
  commit_count: 0,
  hash_algo: 'sha256',
  max_attempts_per_clue: 6,
  owner: '0x00A820CEcF127b5939715F4b72AA503f25Cbc5eA',
  player_count: 0,
  state: 1,
  title: 'Proof of Hunt 01 - Paper Trail',
  winner: '',
  winner_cid: -1
}
