join 0xb76805788de039f0037fab3fd76754897a533b9172a0ba01a371cc93b02e8648
join PENDING
join PROPOSING
join COMMITTING
join ACCEPTED
commit[0] 0xf45bc5137af74594d4eea5bb7b9b28ce6ed25bd7d0ccd9ef5ff1d2a9c102ee11
commit[0] PENDING
commit[0] PROPOSING
commit[0] COMMITTING
commit[0] ACCEPTED
reveal[0] 0xdd80791e9db50d5b759d93860b4687cf7958c313c0e62e63a7772aa1cdee7f75
reveal[0] PENDING
reveal[0] COMMITTING
reveal[0] ACCEPTED
judge[0] 0xc3ac8e3550b6c5e0b713a7a36ff606bf3baf4356881a341916ad199ddb7bf0fb
judge[0] PENDING
judge[0] PROPOSING
judge[0] PENDING
judge[0] PROPOSING
judge[0] COMMITTING
judge[0] ACCEPTED
Verdict 0 {
  answer: 'stout',
  chain_version: 2,
  cid: 0,
  clue_idx: 0,
  commitment: '6b6b761037f8b2850a109b68f40abaf2a7d3c4f90ee618beebb1ccc566fb7849',
  judge_deadline: 1791620014,
  pin_status: 0,
  player: '0x94841EC0786B7741Cc432Ae23C72D192995Ad391',
  reasoning_digest: 'ee57c65b9fdae748a4b1cbd5327c2bf25b954aad190b6f11b439dcfcdd1fc581',
  reveal_deadline: 1791101614,
  revealed: true,
  source_digest: '0e3be639592930d24b05f83ceca75b245b7aab92b3e4b2b5a04cd90428cb2e52',
  verdict: 1
} {
  addr: '0x94841EC0786B7741Cc432Ae23C72D192995Ad391',
  attempts_left: 6,
  attempts_used: 0,
  cleared: 1,
  finished: false,
  handle: 'verification-local',
  joined: true,
  pending_cid: -1,
  position: 1,
  total_attempts: 1
}
commit[1] 0x7c288659996f74f25dd7e9ed188aef0e25adef9ef366ac84dca2337819e64974
commit[1] PENDING
commit[1] PROPOSING
commit[1] COMMITTING
commit[1] ACCEPTED
reveal[1] 0x08dcd3e6c52d0baadb59cbdd4b63047b7c25c7670b8b67f11fef27b21f28dfa9
reveal[1] PENDING
reveal[1] PROPOSING
reveal[1] COMMITTING
reveal[1] ACCEPTED
judge[1] 0x2eadca6cdfb76b455d9cf48b35b6e5bb5c6331cd52bd506c012ddf7366a7b0fe
judge[1] PENDING
judge[1] PROPOSING
judge[1] COMMITTING
judge[1] ACCEPTED
Verdict 1 {
  answer: '256',
  chain_version: 2,
  cid: 1,
  clue_idx: 1,
  commitment: '6a0a1e4896da858019c291dd46b30de4d3ea61b0fe17bfd0ba909e559a81db2d',
  judge_deadline: 1791620250,
  pin_status: 0,
  player: '0x94841EC0786B7741Cc432Ae23C72D192995Ad391',
  reasoning_digest: '023b87333cce186c8ab7c02b196b200c59bfa301b1971d7f11dcfcc248a6d66d',
  reveal_deadline: 1791101850,
  revealed: true,
  source_digest: 'bab094ae874b63b95948a540af0a1653c2fb9c4bf7d170f593a04428ad6c000c',
  verdict: 1
} {
  addr: '0x94841EC0786B7741Cc432Ae23C72D192995Ad391',
  attempts_left: 6,
  attempts_used: 0,
  cleared: 2,
  finished: true,
  handle: 'verification-local',
  joined: true,
  pending_cid: -1,
  position: 2,
  total_attempts: 2
}
join FINALIZED
commit[0] FINALIZED
reveal[0] FINALIZED
judge[0] FINALIZED
commit[1] FINALIZED
reveal[1] FINALIZED
judge[1] ACCEPTED
judge[1] FINALIZED
