restored 0xe2d894d398fe14f69f25ef4dcf65bad3413ed5fe12357521494b298e985af824
restored PENDING
restored PROPOSING
restored COMMITTING
restored ACCEPTED
restored FINALIZED
{
  answer: 'cobalt',
  chain_version: 2,
  cid: 0,
  clue_idx: 0,
  commitment: '5b2cc3f782b512e19c446e448c5f0971bd1f78d680cb905b0af0e53fb7535180',
  judge_deadline: 1791620442,
  pin_status: 0,
  player: '0xA3c0dE2b0E4caeb5e4E5b6c45bA35E6fD0Cfa7d0',
  reasoning_digest: '7c7c00fc1c19e2f51fd7d734e38edec5483af8b82becd78d5d8f01273e121dd7',
  reveal_deadline: 1791102042,
  revealed: true,
  source_digest: 'c5662240c9d9e3dca0e9e5b19430e04cae06cc0e725ef0336efaa1703bc0862d',
  verdict: 1
} {
  addr: '0xA3c0dE2b0E4caeb5e4E5b6c45bA35E6fD0Cfa7d0',
  attempts_left: 6,
  attempts_used: 0,
  cleared: 1,
  finished: false,
  handle: 'verification-local',
  joined: true,
  pending_cid: -1,
  position: 1,
  total_attempts: 1
}
