join 0x364e540ae6087b1e92fc410ec9eebb8c56e87b880fa4c259f215d367f53a1563
join PENDING
join PROPOSING
join COMMITTING
join ACCEPTED
commit[0] 0x41065645a11a84db3c45253b4d4ae1926f91802072d9e1c70699d5cafa72f2c5
commit[0] PENDING
commit[0] COMMITTING
commit[0] ACCEPTED
reveal[0] 0xc545542da1efcbcbefddc3712f08fde44e398edd26f52033f8ff97ad65995e75
reveal[0] PENDING
reveal[0] COMMITTING
reveal[0] ACCEPTED
join ACCEPTED
join FINALIZED
commit[0] ACCEPTED
commit[0] FINALIZED
reveal[0] ACCEPTED
reveal[0] FINALIZED
Prepared 0 {
  addr: '0x08a35ce9529f640c5c02729CAa643253Db3f5b23',
  attempts_left: 6,
  attempts_used: 0,
  cleared: 0,
  finished: false,
  handle: 'verification-studionet',
  joined: true,
  position: 0,
  total_attempts: 0
}
