join 0x112bd92a2fb7cf7857606221cb15bb181dbd6eb088b5be205c2f5223b1bfb3e3
join PENDING
join ACCEPTED
commit[0] 0x8246bdbf07518ab02d3853e2b3bb5f62861ef49ba4aeccfb0bb9d906e2779711
commit[0] PENDING
commit[0] ACCEPTED
reveal[0] 0xf02f2ceb2acae01165396b0ea833f8f507165f98057b36bdb240bd10d9b549e7
reveal[0] PENDING
reveal[0] ACCEPTED
judge[0] 0xf204b0929f4e7a077f503d5b978c441a3d3ea703825d5e555c2bc50c77db1d04
judge[0] PROPOSING
judge[0] COMMITTING
judge[0] ACCEPTED
Verdict 0 {
  answer: 'stout',
  chain_version: 2,
  cid: 0,
  clue_idx: 0,
  commitment: 'b69a3049bec10b247fcc2a4e5de95500043d30dec768f19b2081a4b9bbde41b2',
  judge_deadline: 1791621215,
  pin_status: 0,
  player: '0xe640e07D5de048E9b3c7C3f81a9D3cD9c5ecB91a',
  reasoning_digest: '087d553f6d7594f1cfaf3bce9c6d2f9b8f7dc9f8234eeb000e60d21078a1710f',
  reveal_deadline: 1791102815,
  revealed: true,
  source_digest: '0e3be639592930d24b05f83ceca75b245b7aab92b3e4b2b5a04cd90428cb2e52',
  verdict: 1
} {
  addr: '0xe640e07D5de048E9b3c7C3f81a9D3cD9c5ecB91a',
  attempts_left: 6,
  attempts_used: 0,
  cleared: 1,
  finished: false,
  handle: 'verification-studionet',
  joined: true,
  pending_cid: -1,
  position: 1,
  total_attempts: 1
}
commit[1] 0x5726d2491ed6b1036471e274c75591c2bf8a4acd500cc118b9ca074e7a47952d
commit[1] PENDING
commit[1] ACCEPTED
reveal[1] 0xa47b212500a8a3a8e0546ea75188e77df163c888f088178cb158143bb88f7a6c
reveal[1] PENDING
reveal[1] ACCEPTED
judge[1] 0xd3f5f54c570b593a00cf7a7031846ee210a89db827b915ff54545bb827a48534
judge[1] PENDING
judge[1] COMMITTING
judge[1] ACCEPTED
Verdict 1 {
  answer: '256',
  chain_version: 2,
  cid: 1,
  clue_idx: 1,
  commitment: 'b7e2cbaaaec8ab377211026ab6a99b6daf6863769b6ef62f8305e50555983ea2',
  judge_deadline: 1791621257,
  pin_status: 0,
  player: '0xe640e07D5de048E9b3c7C3f81a9D3cD9c5ecB91a',
  reasoning_digest: 'c119bb451f4d36244fd429c0d74c94b8d48a48a50ce499e49ee7bbb7477d3450',
  reveal_deadline: 1791102857,
  revealed: true,
  source_digest: 'bab094ae874b63b95948a540af0a1653c2fb9c4bf7d170f593a04428ad6c000c',
  verdict: 1
} {
  addr: '0xe640e07D5de048E9b3c7C3f81a9D3cD9c5ecB91a',
  attempts_left: 6,
  attempts_used: 0,
  cleared: 2,
  finished: false,
  handle: 'verification-studionet',
  joined: true,
  pending_cid: -1,
  position: 2,
  total_attempts: 2
}
commit[2] 0x1d00a9e31a87c6863eb05c99dca94ad84e8b6850181ab18a82e97a5e82fbaab3
commit[2] PENDING
commit[2] ACCEPTED
reveal[2] 0xd9f713996d95e580ab696a6b10ef5aea2841026ceeed3655319b03a810c7ecfa
reveal[2] PENDING
reveal[2] ACCEPTED
judge[2] 0x2c8e73865e6340f077e51dcb7e519d64b92bd50a6e91d78a723e22b19ca1040f
judge[2] PENDING
judge[2] COMMITTING
judge[2] ACCEPTED
Verdict 2 {
  answer: 'crocker',
  chain_version: 2,
  cid: 2,
  clue_idx: 2,
  commitment: '5a4ab4c0d373368d280f3bf97ed738ab3f5cf5a682507e7bedb36c6914c7aaaf',
  judge_deadline: 1791621291,
  pin_status: 0,
  player: '0xe640e07D5de048E9b3c7C3f81a9D3cD9c5ecB91a',
  reasoning_digest: 'dd924a440f804ba30924b7e92325ac90baa56cd0c988fb2539604d55d509a7f3',
  reveal_deadline: 1791102891,
  revealed: true,
  source_digest: '0cd3784a112006b04ff925ad94eef8babbae59c359ae9f23b83caa5c48700d9e',
  verdict: 1
} {
  addr: '0xe640e07D5de048E9b3c7C3f81a9D3cD9c5ecB91a',
  attempts_left: 6,
  attempts_used: 0,
  cleared: 3,
  finished: false,
  handle: 'verification-studionet',
  joined: true,
  pending_cid: -1,
  position: 3,
  total_attempts: 3
}
commit[3] 0x7d27b1eb6b5e578b4ecbbc7f3afb5c0aa1cbc3baa63447a5e0edc41f842a7e91
commit[3] PENDING
commit[3] ACCEPTED
reveal[3] 0x09078a45be1d349d43e5ef0fd0eff2ba36a7052e614ee0f33cb1eb90ba933382
reveal[3] PENDING
reveal[3] ACCEPTED
judge[3] 0xfc2b3f618531e9c32825edc449c11c381e4a136a491949e47e4bc8c2faf9d765
judge[3] PENDING
judge[3] COMMITTING
judge[3] ACCEPTED
Verdict 3 {
  answer: 'hypermedia',
  chain_version: 2,
  cid: 3,
  clue_idx: 3,
  commitment: 'd49925762bebe3047cba819c8d0c268527090c0549025d05f4f2080447c70474',
  judge_deadline: 1791621327,
  pin_status: 0,
  player: '0xe640e07D5de048E9b3c7C3f81a9D3cD9c5ecB91a',
  reasoning_digest: '267484b836333760b13b98093118fbd980e242c166b67892360b2ec153ad0532',
  reveal_deadline: 1791102927,
  revealed: true,
  source_digest: '031ec8468db196d79cd15648557d6dac0769302f970ad5cec67cfc74385acf7c',
  verdict: 1
} {
  addr: '0xe640e07D5de048E9b3c7C3f81a9D3cD9c5ecB91a',
  attempts_left: 6,
  attempts_used: 0,
  cleared: 4,
  finished: false,
  handle: 'verification-studionet',
  joined: true,
  pending_cid: -1,
  position: 4,
  total_attempts: 4
}
commit[4] 0xf99237ce814cc761b4242d49d12595df47801f496f274ffb1565dc4eb94127f9
commit[4] PENDING
commit[4] ACCEPTED
reveal[4] 0x6eafe553ac9ac8e2a5f5be26bb9331ad5dea90c5e41ad261ea6862b7462cbfe6
reveal[4] PROPOSING
reveal[4] ACCEPTED
judge[4] 0x80d318db6e9a34ccf7fac841fd249f4c8e6c7cbf29fe81bfa1b32f0e3f629b77
judge[4] PENDING
judge[4] COMMITTING
judge[4] ACCEPTED
Verdict 4 {
  answer: 'hypertext',
  chain_version: 2,
  cid: 4,
  clue_idx: 4,
  commitment: '174ab94f25bcb0ff583dd529197bbb9f117e5cd9100b47f4bb245a7ec392ccfd',
  judge_deadline: 1791621368,
  pin_status: 0,
  player: '0xe640e07D5de048E9b3c7C3f81a9D3cD9c5ecB91a',
  reasoning_digest: '510541284e3878ff685b02c83a100fafc7e101659d8153c89f7e220accd1ddec',
  reveal_deadline: 1791102968,
  revealed: true,
  source_digest: 'd464822874481c5c06ecf5e706da3152c82e328b5d2d5325f3d6a9360850f8ac',
  verdict: 1
} {
  addr: '0xe640e07D5de048E9b3c7C3f81a9D3cD9c5ecB91a',
  attempts_left: 6,
  attempts_used: 0,
  cleared: 5,
  finished: false,
  handle: 'verification-studionet',
  joined: true,
  pending_cid: -1,
  position: 5,
  total_attempts: 5
}
commit[5] 0x72e749eb4bf6b2f4daa83ff4cdec090498ae29d105eec8534821aeaff0272d4d
commit[5] PENDING
commit[5] ACCEPTED
reveal[5] 0x53202d93164109351d3a8354c8ee2723d3b402e0202ede68338fa00bd1ce3254
reveal[5] PROPOSING
reveal[5] ACCEPTED
judge[5] 0x462a827663d22e7a5b742217e64bd994394c701224a0ad1227cb869f885e4651
judge[5] PROPOSING
judge[5] COMMITTING
judge[5] ACCEPTED
Verdict 5 {
  answer: '2606',
  chain_version: 2,
  cid: 5,
  clue_idx: 5,
  commitment: '2306edca32853719490de3ba2f36ee726c77fdd6618e5f09ee2db5c0fd6cad89',
  judge_deadline: 1791621409,
  pin_status: 0,
  player: '0xe640e07D5de048E9b3c7C3f81a9D3cD9c5ecB91a',
  reasoning_digest: 'e7b098b7a126f141797c7a09c59097958ddcb3ed72cdef07da01fdb84e9b92ad',
  reveal_deadline: 1791103009,
  revealed: true,
  source_digest: '834b1f46723a74732820eecb39bcacadd7dafbe5a43f43fb86d4fa1e3fcb90d0',
  verdict: 1
} {
  addr: '0xe640e07D5de048E9b3c7C3f81a9D3cD9c5ecB91a',
  attempts_left: 6,
  attempts_used: 0,
  cleared: 6,
  finished: false,
  handle: 'verification-studionet',
  joined: true,
  pending_cid: -1,
  position: 6,
  total_attempts: 6
}
commit[6] 0x7123a70aa96f4481b224aa073cf1791b7df3ce273587a217be2c19bdd906de21
commit[6] PENDING
commit[6] ACCEPTED
reveal[6] 0xd2703c1f0fd0dec2f219e449d73dc697c5ee4e1c390c90909985b132cf12fe50
reveal[6] PENDING
reveal[6] ACCEPTED
judge[6] 0x8219b71014d41c4adc87610e0c6fdbebf76c98316914232d1bc134ab2ae7ec47
judge[6] PENDING
judge[6] COMMITTING
judge[6] ACCEPTED
Verdict 6 {
  answer: 'utf-8',
  chain_version: 2,
  cid: 6,
  clue_idx: 6,
  commitment: 'a1e95ba48933c394b4f6bcb316c52a3d1a730900feabc07510b9d2834c2e5425',
  judge_deadline: 1791621470,
  pin_status: 0,
  player: '0xe640e07D5de048E9b3c7C3f81a9D3cD9c5ecB91a',
  reasoning_digest: '1a294d99727eec4f7a124c6f9db747686b82ffece278b078fb85143d967561ce',
  reveal_deadline: 1791103070,
  revealed: true,
  source_digest: '50c3328037cd55ea7a09c30c05d053fa67efd010633847ccaa58fe896be38862',
  verdict: 1
} {
  addr: '0xe640e07D5de048E9b3c7C3f81a9D3cD9c5ecB91a',
  attempts_left: 6,
  attempts_used: 0,
  cleared: 7,
  finished: false,
  handle: 'verification-studionet',
  joined: true,
  pending_cid: -1,
  position: 7,
  total_attempts: 7
}
commit[7] 0x6b9730e53c5b819414de1f85f131e92126b1c8dab1e1e5d7708194d78a67e1c7
commit[7] PENDING
commit[7] ACCEPTED
reveal[7] 0xf1c4225c5cd95ef0762b440e1b4a8505265b2367d9c60999c804c68c274c2919
reveal[7] PENDING
reveal[7] ACCEPTED
judge[7] 0x7ad822b13c39fa190628a32a1c40c69935d1f6a770f8bbce00040a7bd1ec6825
judge[7] PENDING
judge[7] COMMITTING
judge[7] ACCEPTED
Verdict 7 {
  answer: '2',
  chain_version: 2,
  cid: 7,
  clue_idx: 7,
  commitment: '09d7f1784657947dfdc96dd00fc32d93de2d42fd365bf4619c413900acd7c98e',
  judge_deadline: 1791621512,
  pin_status: 0,
  player: '0xe640e07D5de048E9b3c7C3f81a9D3cD9c5ecB91a',
  reasoning_digest: '75eef40032648f8074ce4f49f9ccb469cefc1ad8f656b6a49771db1cb12e617f',
  reveal_deadline: 1791103112,
  revealed: true,
  source_digest: '6fef1a8a0b1563ad613e3cba12dabdb476591c30f2828d0eab46d13e39c35c23',
  verdict: 1
} {
  addr: '0xe640e07D5de048E9b3c7C3f81a9D3cD9c5ecB91a',
  attempts_left: 6,
  attempts_used: 0,
  cleared: 8,
  finished: false,
  handle: 'verification-studionet',
  joined: true,
  pending_cid: -1,
  position: 8,
  total_attempts: 8
}
commit[8] 0xe4567aa6d93712ca5de5e709491fed8aace2dab51b2bb4a0ba7c09477aa05deb
commit[8] PENDING
commit[8] ACCEPTED
reveal[8] 0xb7f6a2fa3895d113b92d693d27b94c9e8de7a9b2b8f00c0bcb4648f9961bd8fa
reveal[8] PENDING
reveal[8] ACCEPTED
judge[8] 0xd8fd7b66ba578f505ae540ad9da0b84bdbee3947a8e605f102d88a9987ebddd5
judge[8] PENDING
judge[8] PROPOSING
judge[8] COMMITTING
judge[8] ACCEPTED
Verdict 8 {
  answer: 'decimals',
  chain_version: 2,
  cid: 8,
  clue_idx: 8,
  commitment: '9f2b9a13326a4f92e63b85d3a6e0dc1d294157b2757f88b2873bf84c8640ceed',
  judge_deadline: 1791621568,
  pin_status: 0,
  player: '0xe640e07D5de048E9b3c7C3f81a9D3cD9c5ecB91a',
  reasoning_digest: '0e9e2330a5567cee10d1bf20bcfbb16d14488ed557ed64a6d9f310b2caba4a34',
  reveal_deadline: 1791103168,
  revealed: true,
  source_digest: '839c47b4b3f25fc64f62a541c1ca9d6710146895ce9ba6471b943342f79bd0e4',
  verdict: 1
} {
  addr: '0xe640e07D5de048E9b3c7C3f81a9D3cD9c5ecB91a',
  attempts_left: 6,
  attempts_used: 0,
  cleared: 9,
  finished: false,
  handle: 'verification-studionet',
  joined: true,
  pending_cid: -1,
  position: 9,
  total_attempts: 9
}
commit[9] 0xfcc4927fcaccaa8bcf1fb42d3e43c997875e28fb10aa00febe09a3758d1b2cb2
commit[9] PENDING
commit[9] ACCEPTED
reveal[9] 0xfed5a417a533d7ce8f1730191c92c9e6477fe07a6adda8a1a044febfbf387a24
reveal[9] PENDING
reveal[9] ACCEPTED
judge[9] 0x19f573f7f3c52e91905c664e6f43886ea40e66fe661df5b446de3214e3cb7763
judge[9] PENDING
judge[9] PROPOSING
judge[9] COMMITTING
judge[9] ACCEPTED
Verdict 9 {
  answer: 'keccak256',
  chain_version: 2,
  cid: 9,
  clue_idx: 9,
  commitment: '3767fe35c4046549117db87f3966739bdbbd15e9519d35edc55f44cc020ad9fb',
  judge_deadline: 1791621622,
  pin_status: 0,
  player: '0xe640e07D5de048E9b3c7C3f81a9D3cD9c5ecB91a',
  reasoning_digest: 'e5f9cf91ef86e221b050102cae1a1d995ce453b4cebab33438b9a89b02321a04',
  reveal_deadline: 1791103222,
  revealed: true,
  source_digest: 'c359f37371deb68ae791abcad311a9a3d01fb990f3702c34c3053fcc32cb8f50',
  verdict: 1
} {
  addr: '0xe640e07D5de048E9b3c7C3f81a9D3cD9c5ecB91a',
  attempts_left: 6,
  attempts_used: 0,
  cleared: 10,
  finished: false,
  handle: 'verification-studionet',
  joined: true,
  pending_cid: -1,
  position: 10,
  total_attempts: 10
}
commit[10] 0xb8747ded75696d2ca5501ed35658610af11c9e77c178ba3de48e3286d274adcb
commit[10] PENDING
commit[10] ACCEPTED
reveal[10] 0xa82adcda420cccc0a8a0e50b97532bc02cc70d928674c2b90b909483d65e737d
reveal[10] PENDING
reveal[10] ACCEPTED
judge[10] 0xc521f26cc374b733426dc3e2deaa06eef63e4352464996dc032fe5531badcb0c
judge[10] PENDING
judge[10] PROPOSING
judge[10] COMMITTING
judge[10] ACCEPTED
Verdict 10 {
  answer: '2047',
  chain_version: 2,
  cid: 10,
  clue_idx: 10,
  commitment: '30640d91d62dd7fabcec7c80fd60de6da002c5f39ba15988ebde8972dc53d0c1',
  judge_deadline: 1791621679,
  pin_status: 0,
  player: '0xe640e07D5de048E9b3c7C3f81a9D3cD9c5ecB91a',
  reasoning_digest: 'd1b1c8d49d30e60c63b3ed5281625d5e728829bb7ceb5ed25496b251f332d4da',
  reveal_deadline: 1791103279,
  revealed: true,
  source_digest: '3e0be47d31152551a61a76b654210c8ea8544d289b062190ab1e5b269c614209',
  verdict: 1
} {
  addr: '0xe640e07D5de048E9b3c7C3f81a9D3cD9c5ecB91a',
  attempts_left: 6,
  attempts_used: 0,
  cleared: 11,
  finished: false,
  handle: 'verification-studionet',
  joined: true,
  pending_cid: -1,
  position: 11,
  total_attempts: 11
}
commit[11] 0x28adbfa1e05a21252011f58ec00610ea8d68d069bb2f7c3ecfaf4b2999b96318
commit[11] PENDING
commit[11] ACCEPTED
reveal[11] 0x92149569cc33ee7f6a2d183fb4978babf30e54c201d905ffd724db92eb77ae2a
reveal[11] PENDING
reveal[11] ACCEPTED
judge[11] 0xaf75c6d09a3876a0aa7ab693e7fa046fb4bf3ffc08389c9cf1757092bbb202da
judge[11] PENDING
judge[11] COMMITTING
judge[11] ACCEPTED
Verdict 11 {
  answer: 'treemap',
  chain_version: 2,
  cid: 11,
  clue_idx: 11,
  commitment: 'b5be8298d8cfeda650f53eb62dc476f308d07b2889679a34263e13afa64cc9fb',
  judge_deadline: 1791621734,
  pin_status: 0,
  player: '0xe640e07D5de048E9b3c7C3f81a9D3cD9c5ecB91a',
  reasoning_digest: '93332d09ebc0f098c471112a44a697bbe4315f5ebe55f2c605fa0762c49cf3dc',
  reveal_deadline: 1791103334,
  revealed: true,
  source_digest: 'a0270405675fda3289682313f77b578237ae78a68313985393f0ec300cafb7ed',
  verdict: 1
} {
  addr: '0xe640e07D5de048E9b3c7C3f81a9D3cD9c5ecB91a',
  attempts_left: 6,
  attempts_used: 0,
  cleared: 12,
  finished: true,
  handle: 'verification-studionet',
  joined: true,
  pending_cid: -1,
  position: 12,
  total_attempts: 12
}
join FINALIZED
commit[0] FINALIZED
reveal[0] FINALIZED
judge[0] FINALIZED
commit[1] FINALIZED
reveal[1] FINALIZED
judge[1] FINALIZED
commit[2] FINALIZED
reveal[2] FINALIZED
judge[2] FINALIZED
commit[3] FINALIZED
reveal[3] FINALIZED
judge[3] FINALIZED
commit[4] FINALIZED
reveal[4] FINALIZED
judge[4] FINALIZED
commit[5] FINALIZED
reveal[5] FINALIZED
judge[5] FINALIZED
commit[6] FINALIZED
reveal[6] FINALIZED
judge[6] FINALIZED
commit[7] FINALIZED
reveal[7] FINALIZED
judge[7] FINALIZED
commit[8] FINALIZED
reveal[8] FINALIZED
judge[8] FINALIZED
commit[9] FINALIZED
reveal[9] FINALIZED
judge[9] FINALIZED
commit[10] FINALIZED
reveal[10] FINALIZED
judge[10] FINALIZED
commit[11] FINALIZED
reveal[11] FINALIZED
judge[11] ACCEPTED
judge[11] FINALIZED
